\BOOKMARK [1][-]{section.1}{\376\377\000I\000n\000t\000r\000o\000d\000u\000c\000t\000i\000o\000n}{}% 1
\BOOKMARK [1][-]{section.2}{\376\377\000B\000a\000c\000k\000g\000r\000o\000u\000n\000d}{}% 2
\BOOKMARK [1][-]{section.3}{\376\377\000O\000u\000t\000l\000i\000n\000e\000\040\000a\000n\000d\000\040\000g\000o\000a\000l\000\040\000o\000f\000\040\000t\000h\000e\000\040\000p\000r\000o\000j\000e\000c\000t}{}% 3
\BOOKMARK [1][-]{section.4}{\376\377\000D\000e\000f\000i\000n\000i\000t\000i\000o\000n\000s\000\040\000a\000n\000d\000\040\000C\000o\000n\000c\000e\000p\000t\000s}{}% 4
\BOOKMARK [2][-]{subsection.4.1}{\376\377\000H\000e\000r\000m\000i\000t\000i\000a\000n\000\040\000o\000p\000e\000r\000a\000t\000o\000r\000s}{section.4}% 5
\BOOKMARK [2][-]{subsection.4.2}{\376\377\000Q\000u\000a\000n\000t\000u\000m\000\040\000s\000t\000a\000t\000e\000s\000,\000\040\000d\000e\000n\000s\000i\000t\000y\000\040\000o\000p\000e\000r\000a\000t\000o\000r\000s\000\040\000a\000n\000d\000\040\000q\000u\000a\000n\000t\000u\000m\000\040\000m\000e\000a\000s\000u\000r\000e\000m\000e\000n\000t\000s}{section.4}% 6
\BOOKMARK [2][-]{subsection.4.3}{\376\377\000M\000u\000t\000u\000a\000l\000l\000y\000\040\000u\000n\000b\000i\000a\000s\000e\000d\000\040\000b\000a\000s\000i\000s\000\040\000\050\000M\000U\000B\000s\000\051}{section.4}% 7
\BOOKMARK [2][-]{subsection.4.4}{\376\377\000Q\000u\000a\000n\000t\000u\000m\000\040\000M\000e\000a\000s\000u\000r\000e\000m\000e\000n\000t\000s}{section.4}% 8
\BOOKMARK [2][-]{subsection.4.5}{\376\377\000J\000o\000i\000n\000t\000\040\000M\000e\000a\000s\000u\000r\000a\000b\000i\000l\000i\000t\000y\000\040\000a\000n\000d\000\040\000I\000n\000c\000o\000m\000p\000a\000t\000i\000b\000i\000l\000i\000t\000y}{section.4}% 9
\BOOKMARK [2][-]{subsection.4.6}{\376\377\000S\000e\000m\000i\000\040\000D\000e\000f\000i\000n\000i\000t\000e\000\040\000P\000r\000o\000g\000r\000a\000m\000m\000i\000n\000g\000\040\000\050\000S\000D\000P\000\051}{section.4}% 10
\BOOKMARK [1][-]{section.5}{\376\377\000J\000o\000i\000n\000t\000\040\000M\000e\000a\000s\000u\000r\000a\000b\000i\000l\000i\000t\000y\000\040\000S\000D\000P}{}% 11
\BOOKMARK [2][-]{subsection.5.1}{\376\377\000A\000\040\000f\000i\000r\000s\000t\000\040\000e\000x\000a\000m\000p\000l\000e\000:\000\040\000t\000w\000o\000\040\000n\000o\000i\000s\000y\000\040\000P\000a\000u\000l\000i\000\040\000m\000e\000a\000s\000u\000r\000e\000m\000e\000n\000t\000s\000\040\000o\000n\000\040\000a\000\040\000q\000u\000b\000i\000t}{section.5}% 12
\BOOKMARK [2][-]{subsection.5.2}{\376\377\000G\000e\000n\000e\000r\000a\000l\000i\000z\000a\000t\000i\000o\000n\000\040\000o\000f\000\040\000t\000h\000e\000\040\000r\000o\000b\000u\000s\000t\000n\000e\000s\000s\000\040\000S\000D\000P\000\040\000t\000o\000\040\000k\000\040\000M\000U\000B\000\040\000m\000e\000a\000s\000u\000r\000e\000m\000e\000n\000t\000s\000\040\000w\000i\000t\000h\000\040\000m\000\040\000o\000u\000t\000c\000o\000m\000e\000s}{section.5}% 13
\BOOKMARK [2][-]{subsection.5.3}{\376\377\000G\000e\000n\000e\000r\000a\000l\000i\000z\000a\000t\000i\000o\000n\000\040\000o\000f\000\040\000t\000h\000e\000\040\000r\000o\000b\000u\000s\000t\000n\000e\000s\000s\000\040\000S\000D\000P\000\040\000t\000o\000\040\000p\000a\000i\000r\000w\000i\000s\000e\000\040\000j\000o\000i\000n\000t\000l\000y\000\040\000m\000e\000a\000s\000u\000r\000a\000b\000l\000e\000\040\000h\000y\000p\000e\000r\000g\000r\000a\000p\000h\000s}{section.5}% 14
\BOOKMARK [1][-]{section.6}{\376\377\000R\000e\000s\000u\000l\000t\000s}{}% 15
\BOOKMARK [1][-]{section.7}{\376\377\000C\000o\000n\000c\000l\000u\000s\000i\000o\000n\000\040\000a\000n\000d\000\040\000O\000u\000t\000l\000o\000o\000k}{}% 16
\BOOKMARK [1][-]{section.8}{\376\377\000R\000e\000f\000e\000r\000e\000n\000c\000e\000s}{}% 17
\BOOKMARK [1][-]{appendix.A}{\376\377\000A\000p\000p\000e\000n\000d\000i\000x}{}% 18
\BOOKMARK [2][-]{subsection.A.1}{\376\377\000H\000y\000p\000e\000r\000g\000r\000a\000p\000h\000-\000p\000a\000r\000a\000m\000e\000t\000e\000r\000i\000z\000e\000d\000\040\000r\000o\000b\000u\000s\000t\000n\000e\000s\000s\000\040\000S\000D\000P}{appendix.A}% 19
\BOOKMARK [2][-]{subsection.A.2}{\376\377\000T\000h\000e\000\040\000t\000w\000o\000\040\000h\000y\000p\000e\000r\000g\000r\000a\000p\000h\000s\000\040\000w\000e\000\040\000p\000r\000o\000v\000i\000d\000e\000\040\000i\000n\000\040\000t\000h\000e\000\040\000a\000b\000o\000v\000e\000\040\000f\000u\000n\000c\000t\000i\000o\000n\000\040\000t\000o\000\040\000g\000e\000n\000e\000r\000a\000t\000e\000\040\000o\000u\000r\000\040\000r\000e\000s\000u\000l\000t\000s}{appendix.A}% 20
